==============================================================================
DOES PINNING DEPENDENCY VERSIONS PREDICT RE-EXECUTION?
Unit = repository (ICC of the outcome within repositories is 0.435)
==============================================================================
  685 repositories with at least one attempted execution

STAGE 1 -- did the declared environment install at all?
  pinning class                                         k        n       rate
  requirements.txt, no version constraints at all       19       47    40.4% +- 7.2
  requirements.txt, <50% exact pins                    37       86    43.0% +- 5.3
  requirements.txt, 50-90% exact pins                   1        7    14.3% +- 13.2
  requirements.txt, >=90% exact pins                   11       47    23.4% +- 6.2
  pipfile.lock (fully locked)                           2        5    40.0% +- 21.9
  no requirements.txt                                 421      493    85.4% +- 1.6

STAGE 2 -- given a repository, did ANY notebook run end to end?
  pinning class                                         k        n       rate
  requirements.txt, no version constraints at all        7       47    14.9% +- 5.2
  requirements.txt, <50% exact pins                    11       86    12.8% +- 3.6
  requirements.txt, 50-90% exact pins                   1        7    14.3% +- 13.2
  requirements.txt, >=90% exact pins                    3       47     6.4% +- 3.6
  pipfile.lock (fully locked)                           0        5     0.0% +- 0.0
  no requirements.txt                                 108      493    21.9% +- 1.9

STAGE 3 -- did ANY notebook run AND match its recorded output?
  pinning class                                         k        n       rate
  requirements.txt, no version constraints at all        7       47    14.9% +- 5.2
  requirements.txt, <50% exact pins                    11       86    12.8% +- 3.6
  requirements.txt, 50-90% exact pins                   1        7    14.3% +- 13.2
  requirements.txt, >=90% exact pins                    3       47     6.4% +- 3.6
  pipfile.lock (fully locked)                           0        5     0.0% +- 0.0
  no requirements.txt                                  55      493    11.2% +- 1.4

==============================================================================
HEADLINE CONTRASTS
==============================================================================
  env_ok    >=90% pinned 11/47 =  23.4%   vs   unconstrained 19/47 =  40.4%
            two-proportion z = -1.77, p = 0.077
  any_fin   >=90% pinned 3/47 =   6.4%   vs   unconstrained 7/47 =  14.9%
            two-proportion z = -1.34, p = 0.181
  any_same  >=90% pinned 3/47 =   6.4%   vs   unconstrained 7/47 =  14.9%
            two-proportion z = -1.34, p = 0.181

==============================================================================
CONFOUND 1 -- does pinning just track HOW MANY things you depend on?
==============================================================================
  few deps  (n_specs 1-6)            pinned   1/11  =   9.1%   other   7/52  =  13.5%   z=-0.40
  mid deps  (n_specs 6-13)           pinned   2/11  =  18.2%   other   8/52  =  15.4%   z=+0.23
  many deps (n_specs 13-287)         pinned   0/25  =   0.0%   other   4/40  =  10.0%   z=-1.63

  and the raw association of dependency COUNT with success:
  few deps  (n_specs 1-6)              8/63  =  12.7%
  mid deps  (n_specs 6-13)            10/63  =  15.9%
  many deps (n_specs 13-287)           4/65  =   6.2%

==============================================================================
CONFOUND 2 -- is pinning a proxy for 'this repository is maintained'?
==============================================================================
  has a licence    yes  72/376  =  19.1%   no  58/309  =  18.8%   z=+0.13
  has >=1 release  yes  38/230  =  16.5%   no  92/455  =  20.2%   z=-1.17
  has >=10 stars   yes  40/249  =  16.1%   no  90/436  =  20.6%   z=-1.47

  stratified: >=90%-pinned vs everything else, WITHIN each proxy level
    has a licence    = True   pinned   2/27   =   7.4%   other  70/349  =  20.1%   z=-1.61
    has a licence    = False  pinned   1/20   =   5.0%   other  57/289  =  19.7%   z=-1.63
    has >=1 release  = True   pinned   2/22   =   9.1%   other  36/208  =  17.3%   z=-0.99
    has >=1 release  = False  pinned   1/25   =   4.0%   other  91/430  =  21.2%   z=-2.08
    has >=10 stars   = True   pinned   0/13   =   0.0%   other  40/236  =  16.9%   z=-1.62
    has >=10 stars   = False  pinned   3/34   =   8.8%   other  87/402  =  21.6%   z=-1.77

