WARN: 4994_0ED6 1 - empty mask
WARN: 4994_0ED6 3 - empty mask
WARN: 4994_0ED6 6 - empty mask
WARN: 4994_0ED6 9 - empty mask
WARN: 4953_08MQ 2 - empty mask
WARN: 4953_08MQ 4 - empty mask
WARN: 4953_08MQ 6 - empty mask
WARN: 4953_08MQ 8 - empty mask
WARN: 4870_9T8E 7 - empty mask
WARN: 4870_9T8E 8 - empty mask
WARN: 4870_9T8E 9 - empty mask
WARN: 4947_X19V 5 - empty mask
WARN: 4947_X19V 5 rectification mismatch
WARN: 4947_X19V 6 - empty mask
WARN: 4947_X19V 6 rectification mismatch
WARN: 4963_DC61 9 - empty mask
WARN: 4824_43FJ 9 - empty mask
WARN: 4965_9U7M 1 - empty mask
WARN: 4965_9U7M 3 - empty mask
WARN: 4965_9U7M 5 rectification mismatch
WARN: 4965_9U7M 6 - empty mask
WARN: 4965_9U7M 6 rectification mismatch
WARN: 4965_9U7M 8 - empty mask
WARN: 4965_9U7M 9 - empty mask
WARN: 4812_C88N 6 - empty mask
WARN: 4812_C88N 9 - empty mask
WARN: 4821_UI76 5 rectification mismatch
WARN: 4821_UI76 6 rectification mismatch
WARN: 4821_UI76 7 - empty mask
WARN: 4988_98BT 6 - empty mask
WARN: 4988_98BT 7 - empty mask
WARN: 4988_98BT 8 - empty mask
WARN: 4988_98BT 9 - empty mask
WARN: 5164_Q58J 9 - empty mask
WARN: 5675_SM54 1 - empty mask
WARN: 5675_SM54 3 - empty mask
WARN: 5675_SM54 5 rectification mismatch
WARN: 5675_SM54 6 - empty mask
WARN: 5675_SM54 6 rectification mismatch
WARN: 4932_AO86 5 rectification mismatch
WARN: 4932_AO86 6 rectification mismatch
WARN: 4932_AO86 7 - empty mask
WARN: 4932_AO86 8 - empty mask
WARN: 4968_Q6O0 8 - empty mask
WARN: 4968_Q6O0 9 - empty mask
WARN: 5626_94GU 6 - empty mask
WARN: 5626_94GU 9 - empty mask
WARN: 4959_E6R3 5 rectification mismatch
WARN: 4959_E6R3 6 rectification mismatch
WARN: 5173_L9G5 5 - empty mask
WARN: 5173_L9G5 6 - empty mask
WARN: 4772_3C6G 9 - empty mask
WARN: 5001_I07H 5 - empty mask
WARN: 5001_I07H 5 rectification mismatch
WARN: 5001_I07H 6 - empty mask
WARN: 5001_I07H 6 rectification mismatch
WARN: 5001_I07H 9 - empty mask
WARN: 4869_4TQ6 5 - empty mask
WARN: 4869_4TQ6 5 rectification mismatch
WARN: 4869_4TQ6 6 - empty mask
WARN: 4869_4TQ6 6 rectification mismatch
WARN: 4975_27SS 5 rectification mismatch
WARN: 4975_27SS 6 rectification mismatch
WARN: 4975_27SS 9 - empty mask
WARN: 5619_R42Q 5 - empty mask
WARN: 5619_R42Q 5 rectification mismatch
WARN: 5619_R42Q 6 - empty mask
WARN: 5619_R42Q 6 rectification mismatch
WARN: 4954_R7D1 9 - empty mask
WARN: 4936_0H5E 1 - empty mask
WARN: 4936_0H5E 3 - empty mask
WARN: 4936_0H5E 6 - empty mask
WARN: 4936_0H5E 8 - empty mask
WARN: 4936_0H5E 9 - empty mask
WARN: 4807_0JO0 2 - empty mask
WARN: 4807_0JO0 4 - empty mask
WARN: 4807_0JO0 5 - empty mask
WARN: 4807_0JO0 5 rectification mismatch
WARN: 4807_0JO0 6 - empty mask
WARN: 4807_0JO0 6 rectification mismatch
WARN: 4807_0JO0 7 - empty mask
WARN: 4807_0JO0 8 - empty mask
WARN: 4807_0JO0 9 - empty mask
WARN: 4938_0I4U 6 - empty mask
WARN: 4938_0I4U 8 - empty mask
WARN: 4938_0I4U 9 - empty mask
WARN: 5637_46CD 5 - empty mask
WARN: 5637_46CD 5 rectification mismatch
WARN: 5637_46CD 6 - empty mask
WARN: 5637_46CD 6 rectification mismatch
WARN: 5637_46CD 9 - empty mask
WARN: 4966_3TR7 1 - empty mask
WARN: 4966_3TR7 3 - empty mask
WARN: 4966_3TR7 6 - empty mask
WARN: 4966_3TR7 8 - empty mask
WARN: 4966_3TR7 9 - empty mask
WARN: 4919_V55J 6 - empty mask
WARN: 4876_T54A 8 - empty mask
WARN: 4876_T54A 9 - empty mask
WARN: 4978_I9D6 5 rectification mismatch
WARN: 4978_I9D6 6 rectification mismatch
WARN: 4978_I9D6 9 - empty mask
WARN: 4888_L3V8 6 - empty mask
WARN: 4888_L3V8 9 - empty mask
WARN: 4950_R5K7 6 - empty mask
WARN: 4950_R5K7 9 - empty mask
WARN: 4898_X1Y5 9 - empty mask
WARN: 4908_UK24 5 - empty mask
WARN: 4908_UK24 5 rectification mismatch
WARN: 4908_UK24 6 - empty mask
WARN: 4908_UK24 6 rectification mismatch
WARN: 4908_UK24 7 - empty mask
WARN: 4891_80GC 5 - empty mask
WARN: 4891_80GC 5 rectification mismatch
WARN: 4891_80GC 6 - empty mask
WARN: 4891_80GC 6 rectification mismatch
WARN: 4891_80GC 9 - empty mask
WARN: 5167_51PW 8 - empty mask
WARN: 4961_K9P0 5 rectification mismatch
WARN: 4961_K9P0 6 rectification mismatch
WARN: 4820_U26C 5 - empty mask
WARN: 4820_U26C 5 rectification mismatch
WARN: 4820_U26C 6 - empty mask
WARN: 4820_U26C 6 rectification mismatch
WARN: 4820_U26C 8 - empty mask
WARN: 4820_U26C 9 - empty mask
WARN: 4945_1KB2 1 - empty mask
WARN: 4945_1KB2 3 - empty mask
WARN: 4945_1KB2 8 - empty mask
WARN: 5663_6FH5 9 - empty mask
WARN: 4881_2T6S 5 - empty mask
WARN: 4881_2T6S 5 rectification mismatch
WARN: 4881_2T6S 6 - empty mask
WARN: 4881_2T6S 6 rectification mismatch
WARN: 4881_2T6S 7 - empty mask
WARN: 4984_B23O 5 rectification mismatch
WARN: 4984_B23O 6 rectification mismatch
WARN: 4972_O03M 5 rectification mismatch
WARN: 4972_O03M 6 - empty mask
WARN: 4972_O03M 6 rectification mismatch
WARN: 4972_O03M 8 - empty mask
WARN: 4972_O03M 9 - empty mask
WARN: 4782_E3B6 1 - empty mask
WARN: 4782_E3B6 3 - empty mask
WARN: 4782_E3B6 4 - empty mask
WARN: 4782_E3B6 7 - empty mask
WARN: 4782_E3B6 8 - empty mask
WARN: 4782_E3B6 9 - empty mask
WARN: 4883_6VV2 1 - empty mask
WARN: 4883_6VV2 3 - empty mask
WARN: 4883_6VV2 5 rectification mismatch
WARN: 4883_6VV2 6 rectification mismatch
WARN: 4866_L7J7 5 rectification mismatch
WARN: 4866_L7J7 6 rectification mismatch
